help_add exit=0
help_remove exit=0
help_rm exit=0
help_dry_run exit=0
help_list exit=0
help_ls exit=0
help_search exit=0
help_info exit=0
help_i exit=0
help_init exit=0
help_registries exit=0
help_default exit=0
help_sync exit=0
help_project exit=0
help_assets exit=0
help_locale exit=0
help_theme exit=0
help_platform exit=0
help_reset exit=0
help_doctor exit=0
help_validate exit=0
help_audit exit=0
help_deps exit=0
help_feedback exit=0
help_version exit=0
help_upgrade exit=0
help_project_reset exit=0
help_project_refresh exit=0
help_theme_list exit=0
help_theme_apply exit=0
help_theme_current exit=0
help_platform_list exit=0
help_platform_configure exit=0
help_assets_fonts exit=0
help_assets_icons exit=0
help_assets_install exit=0
help_locale_init exit=0
help_locale_add exit=0
init_missing_registry_path exit=60
init_yes exit=0
doctor_json exit=0
registries_json exit=0
default_show exit=0
list_json exit=0
search_button_json exit=0
info_button_json exit=0
dry_run_button_json exit=0
dry_run_all_json exit=0
deps_json_before_add exit=50
validate_json_before_add exit=0
audit_json_before_add exit=0
add_missing_component exit=30
list_missing_registry_path exit=10
locale_init exit=0
sync exit=0
platform_help_runtime exit=0
theme_list exit=0
assets_help_runtime exit=0
add_all_components exit=0
doctor_json_after_add exit=0
deps_json_after_add exit=0
validate_json_after_add exit=0
audit_json_after_add exit=0
flutter_analyze_after_add exit=0
remove_button exit=0
add_button_again exit=0
audit_json_after_readd exit=0
